[  0.00s] {EVENT} Smart Laundry opens - 6 washers, 4 dryers, 2 kiosks, 50 customers expected.
[  0.02s] [Washer-1] Washing started for Customer-01 (4392ms)
[  1.30s] [Washer-2] Washing started for Customer-02 (5221ms)
[  4.12s] [Washer-3] Washing started for Customer-03 (5817ms)
[  4.42s] [Customer-01] finished washing on Washer-1
[  4.42s] [Dryer-1] Drying started for Customer-01 (3018ms)
[  4.83s] [Washer-4] Washing started for Customer-04 (4331ms)
[  6.52s] [Customer-02] finished washing on Washer-2
[  6.53s] [Dryer-2] Drying started for Customer-02 (4373ms)
[  7.44s] [Customer-01] finished drying on Dryer-1
[  7.44s] [Kiosk-1] Payment started for Customer-01 (1760ms)
[  7.46s] [Washer-5] Washing started for Customer-05 (5016ms)
[  9.16s] [Customer-04] finished washing on Washer-4
[  9.16s] [Dryer-3] Drying started for Customer-04 (3659ms)
[  9.20s] [Customer-01] paid at Kiosk-1
[  9.20s] [Customer-01] done - left the laundromat after 9.18s total.
[  9.94s] [Customer-03] finished washing on Washer-3
[  9.94s] [Dryer-4] Drying started for Customer-03 (4433ms)
[ 10.16s] [Washer-6] Washing started for Customer-06 (4362ms)
[ 10.16s] [Washer-1] Washing started for Customer-07 (4389ms)
[ 10.90s] [Customer-02] finished drying on Dryer-2
[ 10.90s] [Kiosk-2] Payment started for Customer-02 (1628ms)
[ 12.48s] [Customer-05] finished washing on Washer-5
[ 12.48s] [Dryer-1] Drying started for Customer-05 (4065ms)
[ 12.53s] [Customer-02] paid at Kiosk-2
[ 12.53s] [Customer-02] done - left the laundromat after 11.23s total.
[ 12.82s] [Customer-04] finished drying on Dryer-3
[ 12.82s] [Kiosk-1] Payment started for Customer-04 (1710ms)
[ 13.10s] [Washer-2] Washing started for Customer-08 (4807ms)
[ 13.44s] [Washer-4] Washing started for Customer-09 (5144ms)
[ 14.00s] [Washer-3] Washing started for Customer-10 (5379ms)
[ 14.38s] [Customer-03] finished drying on Dryer-4
[ 14.38s] [Kiosk-2] Payment started for Customer-03 (1866ms)
[ 14.52s] [Customer-06] finished washing on Washer-6
[ 14.52s] [Dryer-2] Drying started for Customer-06 (3882ms)
[ 14.53s] [Customer-04] paid at Kiosk-1
[ 14.53s] [Customer-04] done - left the laundromat after 9.71s total.
[ 14.55s] [Customer-07] finished washing on Washer-1
[ 14.55s] [Dryer-3] Drying started for Customer-07 (4427ms)
[ 16.24s] [Customer-03] paid at Kiosk-2
[ 16.24s] [Customer-03] done - left the laundromat after 12.12s total.
[ 16.55s] [Customer-05] finished drying on Dryer-1
[ 16.55s] [Kiosk-1] Payment started for Customer-05 (1093ms)
[ 16.79s] [Washer-5] Washing started for Customer-11 (5882ms)
[ 17.64s] [Customer-05] paid at Kiosk-1
[ 17.64s] [Customer-05] done - left the laundromat after 10.18s total.
[ 17.91s] [Customer-08] finished washing on Washer-2
[ 17.91s] [Dryer-4] Drying started for Customer-08 (3098ms)
[ 18.41s] [Customer-06] finished drying on Dryer-2
[ 18.41s] [Kiosk-2] Payment started for Customer-06 (1786ms)
[ 18.41s] [Washer-6] Washing started for Customer-12 (4606ms)
[ 18.59s] [Customer-09] finished washing on Washer-4
[ 18.59s] [Dryer-1] Drying started for Customer-09 (4851ms)
[ 18.98s] [Customer-07] finished drying on Dryer-3
[ 18.98s] [Kiosk-1] Payment started for Customer-07 (1328ms)
[ 19.38s] [Customer-10] finished washing on Washer-3
[ 19.38s] [Dryer-2] Drying started for Customer-10 (4255ms)
[ 20.20s] [Customer-06] paid at Kiosk-2
[ 20.20s] [Customer-06] done - left the laundromat after 10.04s total.
[ 20.23s] [Washer-1] Washing started for Customer-13 (4130ms)
[ 20.31s] [Customer-07] paid at Kiosk-1
[ 20.31s] [Customer-07] done - left the laundromat after 10.15s total.
[ 20.97s] [Washer-2] Washing started for Customer-14 (5141ms)
[ 21.01s] [Customer-08] finished drying on Dryer-4
[ 21.01s] [Kiosk-2] Payment started for Customer-08 (1809ms)
[ 22.68s] [Customer-11] finished washing on Washer-5
[ 22.68s] [Dryer-3] Drying started for Customer-11 (3937ms)
[ 22.81s] [Customer-08] paid at Kiosk-2
[ 22.81s] [Customer-08] done - left the laundromat after 9.72s total.
[ 23.02s] [Washer-6] !! MACHINE FAILURE mid-cycle! Washing aborted; device will self-repair shortly.
[ 23.02s] [Customer-12] will retry washing - rejoining the washer queue.
[ 23.02s] [Washer-4] Washing started for Customer-12 (5792ms)
[ 23.44s] [Customer-09] finished drying on Dryer-1
[ 23.44s] [Kiosk-1] Payment started for Customer-09 (1609ms)
[ 23.64s] [Customer-10] finished drying on Dryer-2
[ 23.64s] [Kiosk-2] Payment started for Customer-10 (1571ms)
[ 23.69s] [Washer-3] Washing started for Customer-15 (4870ms)
[ 24.36s] [Customer-13] finished washing on Washer-1
[ 24.36s] [Dryer-4] Drying started for Customer-13 (4484ms)
[ 24.38s] [Washer-5] Washing started for Customer-16 (5911ms)
[ 24.53s] {EVENT} Washer-6 repaired and back in service.
[ 25.05s] [Customer-09] paid at Kiosk-1
[ 25.05s] [Customer-09] done - left the laundromat after 11.61s total.
[ 25.21s] [Customer-10] paid at Kiosk-2
[ 25.21s] [Customer-10] done - left the laundromat after 11.21s total.
[ 26.11s] [Customer-14] finished washing on Washer-2
[ 26.11s] [Dryer-1] Drying started for Customer-14 (4401ms)
[ 26.62s] [Customer-11] finished drying on Dryer-3
[ 26.62s] [Kiosk-1] Payment started for Customer-11 (1527ms)
[ 26.96s] [Washer-1] Washing started for Customer-17 (5178ms)
[ 27.42s] [Washer-6] Washing started for Customer-18 (4228ms)
[ 28.14s] [Customer-11] paid at Kiosk-1
[ 28.14s] [Customer-11] done - left the laundromat after 11.35s total.
[ 28.56s] [Customer-15] finished washing on Washer-3
[ 28.56s] [Dryer-2] Drying started for Customer-15 (3956ms)
[ 28.82s] [Customer-12] finished washing on Washer-4
[ 28.82s] [Dryer-3] Drying started for Customer-12 (3031ms)
[ 28.84s] [Customer-13] finished drying on Dryer-4
[ 28.84s] [Kiosk-2] Payment started for Customer-13 (1527ms)
[ 30.08s] [Washer-2] Washing started for Customer-19 (4467ms)
[ 30.29s] [Customer-16] finished washing on Washer-5
[ 30.29s] [Dryer-4] Drying started for Customer-16 (3894ms)
[ 30.37s] [Customer-13] paid at Kiosk-2
[ 30.37s] [Customer-13] done - left the laundromat after 10.15s total.
[ 30.51s] [Customer-14] finished drying on Dryer-1
[ 30.51s] [Kiosk-1] Payment started for Customer-14 (1892ms)
[ 31.65s] [Customer-18] finished washing on Washer-6
[ 31.65s] [Dryer-1] Drying started for Customer-18 (3892ms)
[ 31.85s] [Customer-12] finished drying on Dryer-3
[ 31.85s] [Kiosk-2] Payment started for Customer-12 (1816ms)
[ 32.14s] [Customer-17] finished washing on Washer-1
[ 32.14s] [Dryer-3] Drying started for Customer-17 (3715ms)
[ 32.22s] [Washer-3] Washing started for Customer-20 (5608ms)
[ 32.40s] [Customer-14] paid at Kiosk-1
[ 32.40s] [Customer-14] done - left the laundromat after 11.44s total.
[ 32.52s] [Customer-15] finished drying on Dryer-2
[ 32.52s] [Kiosk-1] Payment started for Customer-15 (1647ms)
[ 33.67s] [Customer-12] paid at Kiosk-2
[ 33.67s] [Customer-12] done - left the laundromat after 15.25s total.
[ 34.03s] [Washer-4] Washing started for Customer-21 (5951ms)
[ 34.17s] [Customer-15] paid at Kiosk-1
[ 34.17s] [Customer-15] done - left the laundromat after 10.48s total.
[ 34.18s] [Customer-16] finished drying on Dryer-4
[ 34.18s] [Kiosk-2] Payment started for Customer-16 (1563ms)
[ 34.54s] [Washer-2] !! MACHINE FAILURE mid-cycle! Washing aborted; device will self-repair shortly.
[ 34.54s] [Customer-19] will retry washing - rejoining the washer queue.
[ 34.54s] [Washer-5] Washing started for Customer-19 (5458ms)
[ 35.14s] [Washer-6] Washing started for Customer-22 (4158ms)
[ 35.54s] [Customer-18] finished drying on Dryer-1
[ 35.54s] [Kiosk-1] Payment started for Customer-18 (1806ms)
[ 35.75s] [Customer-16] paid at Kiosk-2
[ 35.75s] [Customer-16] done - left the laundromat after 11.37s total.
[ 35.79s] [Washer-1] Washing started for Customer-23 (4811ms)
[ 35.86s] [Customer-17] finished drying on Dryer-3
[ 35.86s] [Kiosk-2] Payment started for Customer-17 (1234ms)
[ 36.04s] {EVENT} Washer-2 repaired and back in service.
[ 36.92s] [Washer-2] Washing started for Customer-24 (4286ms)
[ 37.09s] [Customer-17] paid at Kiosk-2
[ 37.09s] [Customer-17] done - left the laundromat after 10.13s total.
[ 37.34s] [Customer-18] paid at Kiosk-1
[ 37.34s] [Customer-18] done - left the laundromat after 9.93s total.
[ 37.83s] [Customer-20] finished washing on Washer-3
[ 37.83s] [Dryer-2] Drying started for Customer-20 (4673ms)
[ 39.02s] [Washer-3] Washing started for Customer-25 (5042ms)
[ 39.30s] [Customer-22] finished washing on Washer-6
[ 39.30s] [Dryer-4] Drying started for Customer-22 (4555ms)
[ 39.98s] [Customer-21] finished washing on Washer-4
[ 39.98s] [Dryer-1] Drying started for Customer-21 (4197ms)
[ 40.00s] [Customer-19] finished washing on Washer-5
[ 40.00s] [Dryer-3] Drying started for Customer-19 (4239ms)
[ 40.60s] [Customer-23] finished washing on Washer-1
[ 40.73s] [Washer-6] Washing started for Customer-26 (4611ms)
[ 41.21s] [Customer-24] finished washing on Washer-2
[ 42.50s] [Customer-20] finished drying on Dryer-2
[ 42.50s] [Kiosk-2] Payment started for Customer-20 (1292ms)
[ 42.50s] [Dryer-2] Drying started for Customer-23 (4276ms)
[ 43.04s] [Washer-4] Washing started for Customer-27 (5765ms)
[ 43.80s] [Customer-20] paid at Kiosk-2
[ 43.80s] [Customer-20] done - left the laundromat after 11.58s total.
[ 43.85s] [Customer-22] finished drying on Dryer-4
[ 43.85s] [Kiosk-1] Payment started for Customer-22 (1929ms)
[ 43.85s] [Dryer-4] Drying started for Customer-24 (3645ms)
[ 44.06s] [Washer-5] Washing started for Customer-28 (4629ms)
[ 44.07s] [Customer-25] finished washing on Washer-3
[ 44.18s] [Customer-21] finished drying on Dryer-1
[ 44.18s] [Kiosk-2] Payment started for Customer-21 (1788ms)
[ 44.18s] [Dryer-1] Drying started for Customer-25 (4300ms)
[ 44.24s] [Customer-19] finished drying on Dryer-3
[ 45.32s] [Washer-1] Washing started for Customer-29 (5222ms)
[ 45.34s] [Customer-26] finished washing on Washer-6
[ 45.34s] [Dryer-3] Drying started for Customer-26 (4361ms)
[ 45.78s] [Kiosk-1] Payment started for Customer-19 (1017ms)
[ 45.78s] [Customer-22] paid at Kiosk-1
[ 45.78s] [Customer-22] done - left the laundromat after 10.64s total.
[ 45.96s] [Washer-2] Washing started for Customer-30 (5327ms)
[ 45.96s] [Customer-21] paid at Kiosk-2
[ 45.96s] [Customer-21] done - left the laundromat after 11.94s total.
[ 46.78s] [Customer-23] finished drying on Dryer-2
[ 46.78s] [Kiosk-2] Payment started for Customer-23 (1603ms)
[ 46.80s] [Customer-19] paid at Kiosk-1
[ 46.80s] [Customer-19] done - left the laundromat after 16.73s total.
[ 47.07s] [Washer-3] Washing started for Customer-31 (5235ms)
[ 47.44s] [Washer-6] Washing started for Customer-32 (4802ms)
[ 47.50s] [Customer-24] finished drying on Dryer-4
[ 47.50s] [Kiosk-1] Payment started for Customer-24 (1374ms)
[ 48.38s] [Customer-23] paid at Kiosk-2
[ 48.38s] [Customer-23] done - left the laundromat after 12.60s total.
[ 48.48s] [Customer-25] finished drying on Dryer-1
[ 48.48s] [Kiosk-2] Payment started for Customer-25 (1597ms)
[ 48.69s] [Customer-28] finished washing on Washer-5
[ 48.69s] [Dryer-2] Drying started for Customer-28 (4337ms)
[ 48.69s] [Washer-5] Washing started for Customer-33 (4347ms)
[ 48.80s] [Customer-27] finished washing on Washer-4
[ 48.80s] [Dryer-4] Drying started for Customer-27 (3486ms)
[ 48.87s] [Customer-24] paid at Kiosk-1
[ 48.87s] [Customer-24] done - left the laundromat after 11.95s total.
[ 49.58s] [Washer-4] Washing started for Customer-34 (5494ms)
[ 49.70s] [Customer-26] finished drying on Dryer-3
[ 49.70s] [Kiosk-1] Payment started for Customer-26 (1315ms)
[ 50.07s] [Customer-25] paid at Kiosk-2
[ 50.07s] [Customer-25] done - left the laundromat after 11.05s total.
[ 50.54s] [Customer-29] finished washing on Washer-1
[ 50.54s] [Dryer-1] Drying started for Customer-29 (4766ms)
[ 51.02s] [Customer-26] paid at Kiosk-1
[ 51.02s] [Customer-26] done - left the laundromat after 10.29s total.
[ 51.28s] [Customer-30] finished washing on Washer-2
[ 51.28s] [Dryer-3] Drying started for Customer-30 (3927ms)
[ 51.67s] [Washer-1] Washing started for Customer-35 (5034ms)
[ 52.24s] [Customer-32] finished washing on Washer-6
[ 52.29s] [Customer-27] finished drying on Dryer-4
[ 52.29s] [Dryer-4] Drying started for Customer-32 (4451ms)
[ 52.29s] [Kiosk-2] Payment started for Customer-27 (1735ms)
[ 52.31s] [Customer-31] finished washing on Washer-3
[ 53.02s] [Customer-28] finished drying on Dryer-2
[ 53.02s] [Dryer-2] Drying started for Customer-31 (3734ms)
[ 53.02s] [Kiosk-1] Payment started for Customer-28 (1085ms)
[ 53.04s] [Customer-33] finished washing on Washer-5
[ 54.03s] [Customer-27] paid at Kiosk-2
[ 54.03s] [Customer-27] done - left the laundromat after 10.99s total.
[ 54.11s] [Customer-28] paid at Kiosk-1
[ 54.11s] [Customer-28] done - left the laundromat after 10.05s total.
[ 54.61s] [Washer-2] Washing started for Customer-36 (4118ms)
[ 55.08s] [Customer-34] finished washing on Washer-4
[ 55.21s] [Customer-30] finished drying on Dryer-3
[ 55.21s] [Kiosk-2] Payment started for Customer-30 (1992ms)
[ 55.21s] [Dryer-3] Drying started for Customer-33 (3056ms)
[ 55.31s] [Customer-29] finished drying on Dryer-1
[ 55.31s] [Kiosk-1] Payment started for Customer-29 (1271ms)
[ 55.31s] [Dryer-1] Drying started for Customer-34 (4042ms)
[ 55.58s] [Washer-6] Washing started for Customer-37 (5362ms)
[ 56.58s] [Customer-29] paid at Kiosk-1
[ 56.58s] [Customer-29] done - left the laundromat after 11.26s total.
[ 56.70s] [Customer-35] finished washing on Washer-1
[ 56.74s] [Customer-32] finished drying on Dryer-4
[ 56.74s] [Dryer-4] Drying started for Customer-35 (3500ms)
[ 56.74s] [Kiosk-1] Payment started for Customer-32 (1516ms)
[ 56.76s] [Customer-31] finished drying on Dryer-2
[ 57.21s] [Customer-30] paid at Kiosk-2
[ 57.21s] [Kiosk-2] Payment started for Customer-31 (1459ms)
[ 57.21s] [Customer-30] done - left the laundromat after 11.25s total.
[ 58.26s] [Customer-32] paid at Kiosk-1
[ 58.26s] [Customer-32] done - left the laundromat after 10.83s total.
[ 58.27s] [Customer-33] finished drying on Dryer-3
[ 58.27s] [Kiosk-1] Payment started for Customer-33 (1961ms)
[ 58.52s] [Washer-3] Washing started for Customer-38 (5080ms)
[ 58.53s] [Washer-5] Washing started for Customer-39 (4077ms)
[ 58.67s] [Customer-31] paid at Kiosk-2
[ 58.67s] [Customer-31] done - left the laundromat after 11.60s total.
[ 58.73s] [Customer-36] finished washing on Washer-2
[ 58.73s] [Dryer-2] Drying started for Customer-36 (4201ms)
[ 59.36s] [Customer-34] finished drying on Dryer-1
[ 59.36s] [Kiosk-2] Payment started for Customer-34 (1859ms)
[ 60.23s] [Customer-33] paid at Kiosk-1
[ 60.23s] [Customer-33] done - left the laundromat after 12.60s total.
[ 60.25s] [Customer-35] finished drying on Dryer-4
[ 60.25s] [Kiosk-1] Payment started for Customer-35 (1381ms)
[ 60.95s] [Customer-37] finished washing on Washer-6
[ 60.95s] [Dryer-3] Drying started for Customer-37 (4160ms)
[ 61.22s] [Customer-34] paid at Kiosk-2
[ 61.22s] [Customer-34] done - left the laundromat after 11.64s total.
[ 61.38s] [Washer-4] Washing started for Customer-40 (4359ms)
[ 61.63s] [Customer-35] paid at Kiosk-1
[ 61.63s] [Customer-35] done - left the laundromat after 9.96s total.
[ 62.61s] [Customer-39] finished washing on Washer-5
[ 62.61s] [Dryer-1] Drying started for Customer-39 (3051ms)
[ 62.93s] [Customer-36] finished drying on Dryer-2
[ 62.93s] [Kiosk-2] Payment started for Customer-36 (1605ms)
[ 63.27s] [Washer-1] Washing started for Customer-41 (5982ms)
[ 63.60s] [Customer-38] finished washing on Washer-3
[ 63.60s] [Dryer-4] Drying started for Customer-38 (3607ms)
[ 64.54s] [Customer-36] paid at Kiosk-2
[ 64.54s] [Customer-36] done - left the laundromat after 9.93s total.
[ 65.11s] [Customer-37] finished drying on Dryer-3
[ 65.11s] [Kiosk-1] Payment started for Customer-37 (1423ms)
[ 65.66s] [Customer-39] finished drying on Dryer-1
[ 65.66s] [Kiosk-2] Payment started for Customer-39 (1284ms)
[ 65.74s] [Customer-40] finished washing on Washer-4
[ 65.74s] [Dryer-2] Drying started for Customer-40 (4061ms)
[ 65.76s] [Washer-2] Washing started for Customer-42 (5582ms)
[ 66.53s] [Customer-37] paid at Kiosk-1
[ 66.53s] [Customer-37] done - left the laundromat after 10.95s total.
[ 66.65s] [Washer-6] Washing started for Customer-43 (5236ms)
[ 66.94s] [Customer-39] paid at Kiosk-2
[ 66.94s] [Customer-39] done - left the laundromat after 8.41s total.
[ 67.20s] [Customer-38] finished drying on Dryer-4
[ 67.20s] [Kiosk-1] Payment started for Customer-38 (1925ms)
[ 68.96s] [Washer-5] Washing started for Customer-44 (5647ms)
[ 69.13s] [Customer-38] paid at Kiosk-1
[ 69.13s] [Customer-38] done - left the laundromat after 10.62s total.
[ 69.26s] [Customer-41] finished washing on Washer-1
[ 69.26s] [Dryer-3] Drying started for Customer-41 (4020ms)
[ 69.80s] [Customer-40] finished drying on Dryer-2
[ 69.80s] [Kiosk-2] Payment started for Customer-40 (1950ms)
[ 70.27s] [Washer-3] Washing started for Customer-45 (4091ms)
[ 70.60s] [Washer-4] Washing started for Customer-46 (5231ms)
[ 71.34s] [Customer-42] finished washing on Washer-2
[ 71.34s] [Dryer-1] Drying started for Customer-42 (4753ms)
[ 71.75s] [Kiosk-2] !! MACHINE FAILURE mid-cycle! Payment aborted; device will self-repair shortly.
[ 71.75s] [Customer-40] payment failed; retrying in 2000ms.
[ 71.89s] [Customer-43] finished washing on Washer-6
[ 71.89s] [Dryer-4] Drying started for Customer-43 (4834ms)
[ 73.28s] [Customer-41] finished drying on Dryer-3
[ 73.28s] [Kiosk-1] Payment started for Customer-41 (1221ms)
[ 73.42s] [Washer-1] Washing started for Customer-47 (4811ms)
[ 73.75s] [Kiosk-2] Payment started for Customer-40 (1576ms)
[ 73.89s] [Washer-2] Washing started for Customer-48 (5657ms)
[ 74.36s] [Customer-45] finished washing on Washer-3
[ 74.36s] [Dryer-2] Drying started for Customer-45 (3949ms)
[ 74.50s] [Kiosk-1] !! MACHINE FAILURE mid-cycle! Payment aborted; device will self-repair shortly.
[ 74.50s] [Customer-41] payment failed; retrying in 2000ms.
[ 74.61s] [Customer-44] finished washing on Washer-5
[ 74.61s] [Dryer-3] Drying started for Customer-44 (3476ms)
[ 75.33s] [Customer-40] paid at Kiosk-2 (attempt 2)
[ 75.33s] [Customer-40] done - left the laundromat after 13.95s total.
[ 75.83s] [Customer-46] finished washing on Washer-4
[ 76.09s] [Customer-42] finished drying on Dryer-1
[ 76.09s] [Kiosk-1] Payment started for Customer-42 (1843ms)
[ 76.09s] [Dryer-1] Drying started for Customer-46 (3285ms)
[ 76.50s] [Kiosk-2] Payment started for Customer-41 (1233ms)
[ 76.72s] [Customer-43] finished drying on Dryer-4
[ 76.78s] [Washer-6] Washing started for Customer-49 (5541ms)
[ 77.74s] [Customer-41] paid at Kiosk-2 (attempt 2)
[ 77.74s] [Kiosk-2] Payment started for Customer-43 (1750ms)
[ 77.74s] [Customer-41] done - left the laundromat after 14.46s total.
[ 77.94s] [Customer-42] paid at Kiosk-1
[ 77.94s] [Customer-42] done - left the laundromat after 12.18s total.
[ 78.08s] [Customer-44] finished drying on Dryer-3
[ 78.08s] [Kiosk-1] Payment started for Customer-44 (1429ms)
[ 78.24s] [Customer-47] finished washing on Washer-1
[ 78.24s] [Dryer-4] Drying started for Customer-47 (3848ms)
[ 78.31s] [Customer-45] finished drying on Dryer-2
[ 78.45s] [Washer-3] Washing started for Customer-50 (4339ms)
[ 79.38s] [Customer-46] finished drying on Dryer-1
[ 79.49s] [Kiosk-2] Payment started for Customer-45 (1052ms)
[ 79.49s] [Customer-43] paid at Kiosk-2
[ 79.49s] [Customer-43] done - left the laundromat after 12.84s total.
[ 79.51s] [Customer-44] paid at Kiosk-1
[ 79.51s] [Kiosk-1] Payment started for Customer-46 (1474ms)
[ 79.51s] [Customer-44] done - left the laundromat after 10.56s total.
[ 79.55s] [Customer-48] finished washing on Washer-2
[ 79.55s] [Dryer-3] Drying started for Customer-48 (3393ms)
[ 80.54s] [Customer-45] paid at Kiosk-2
[ 80.54s] [Customer-45] done - left the laundromat after 10.27s total.
[ 80.99s] [Customer-46] paid at Kiosk-1
[ 80.99s] [Customer-46] done - left the laundromat after 10.39s total.
[ 82.08s] [Customer-47] finished drying on Dryer-4
[ 82.08s] [Kiosk-2] Payment started for Customer-47 (1467ms)
[ 82.32s] [Customer-49] finished washing on Washer-6
[ 82.32s] [Dryer-2] Drying started for Customer-49 (4362ms)
[ 82.79s] [Customer-50] finished washing on Washer-3
[ 82.79s] [Dryer-1] Drying started for Customer-50 (4398ms)
[ 82.94s] [Customer-48] finished drying on Dryer-3
[ 82.94s] [Kiosk-1] Payment started for Customer-48 (1128ms)
[ 83.55s] [Customer-47] paid at Kiosk-2
[ 83.55s] [Customer-47] done - left the laundromat after 10.13s total.
[ 84.07s] [Customer-48] paid at Kiosk-1
[ 84.07s] [Customer-48] done - left the laundromat after 10.18s total.
[ 86.68s] [Customer-49] finished drying on Dryer-2
[ 86.68s] [Kiosk-2] Payment started for Customer-49 (1805ms)
[ 87.19s] [Customer-50] finished drying on Dryer-1
[ 87.19s] [Kiosk-1] Payment started for Customer-50 (1040ms)
[ 88.23s] [Customer-50] paid at Kiosk-1
[ 88.23s] [Customer-50] done - left the laundromat after 9.78s total.
[ 88.49s] [Customer-49] paid at Kiosk-2
[ 88.49s] [Customer-49] done - left the laundromat after 11.71s total.
[ 88.49s] {EVENT} Simulation closed after 88.5 seconds.
--------------------------------------------------------------
     SMART LAUNDRY - FINAL STATISTICS
--------------------------------------------------------------
 Total customers served      : 50
 Average total time/customer : 11.17 s
 Max concurrent washers used : 6
 Max concurrent dryers used  : 4
 Washer mid-cycle failures   : 2
 Kiosk failures              : 2
--------------------------------------------------------------
